2020-04-03 18:49:13.573  INFO 14568 --- [main] iacaasystem.IacaaSystemApplication       : Starting IacaaSystemApplication on DESKTOP-ULVR0MJ with PID 14568 (F:\JavaProject\IDEAproject\iacaa-system-0.1\target\classes started by MrZhao in F:\JavaProject\IDEAproject\iacaa-system-0.1)
2020-04-03 18:49:13.579  INFO 14568 --- [main] iacaasystem.IacaaSystemApplication       : No active profile set, falling back to default profiles: default
2020-04-03 18:49:15.623  INFO 14568 --- [main] o.s.b.w.embedded.tomcat.TomcatWebServer  : Tomcat initialized with port(s): 8080 (http)
2020-04-03 18:49:15.632  INFO 14568 --- [main] o.apache.catalina.core.StandardService   : Starting service [Tomcat]
2020-04-03 18:49:15.632  INFO 14568 --- [main] org.apache.catalina.core.StandardEngine  : Starting Servlet engine: [Apache Tomcat/9.0.30]
2020-04-03 18:49:15.779  INFO 14568 --- [main] o.a.c.c.C.[Tomcat].[localhost].[/]       : Initializing Spring embedded WebApplicationContext
2020-04-03 18:49:15.780  INFO 14568 --- [main] o.s.web.context.ContextLoader            : Root WebApplicationContext: initialization completed in 2086 ms
2020-04-03 18:49:16.455  INFO 14568 --- [main] o.s.s.concurrent.ThreadPoolTaskExecutor  : Initializing ExecutorService 'applicationTaskExecutor'
2020-04-03 18:49:16.786  INFO 14568 --- [main] o.s.b.w.embedded.tomcat.TomcatWebServer  : Tomcat started on port(s): 8080 (http) with context path ''
2020-04-03 18:49:16.789  INFO 14568 --- [main] iacaasystem.IacaaSystemApplication       : Started IacaaSystemApplication in 3.965 seconds (JVM running for 5.175)
2020-04-03 18:49:22.207  INFO 14568 --- [http-nio-8080-exec-1] o.a.c.c.C.[Tomcat].[localhost].[/]       : Initializing Spring DispatcherServlet 'dispatcherServlet'
2020-04-03 18:49:22.208  INFO 14568 --- [http-nio-8080-exec-1] o.s.web.servlet.DispatcherServlet        : Initializing Servlet 'dispatcherServlet'
2020-04-03 18:49:22.214  INFO 14568 --- [http-nio-8080-exec-1] o.s.web.servlet.DispatcherServlet        : Completed initialization in 6 ms
2020-04-03 18:49:33.950  WARN 14568 --- [http-nio-8080-exec-7] com.zaxxer.hikari.HikariConfig           : HikariPool-1 - idleTimeout is close to or more than maxLifetime, disabling it.
2020-04-03 18:49:33.968  INFO 14568 --- [http-nio-8080-exec-7] com.zaxxer.hikari.HikariDataSource       : HikariPool-1 - Starting...
2020-04-03 18:49:34.186  INFO 14568 --- [http-nio-8080-exec-7] com.zaxxer.hikari.HikariDataSource       : HikariPool-1 - Start completed.
